// Jest Snapshot v1, https://goo.gl/fbAQLP

exports[`should render Edit Expense Page correctly 1`] = `
<div>
  <ExpenseForm
    expense={
      Object {
        "amount": 2,
        "createdAt": 2,
        "description": "2",
        "id": 2,
        "note": "",
      }
    }
    onSubmit={[Function]}
  />
  <button
    onClick={[Function]}
  >
    Remove Expense
  </button>
</div>
`;
